Accepting at port: 5050

Initiated connection successfully to dc21.utdallas.edu at port 5050
> > Connection established with nodeC
> Connection established with nodeD
> Connection established with nodeE
> Connection established with nodeF
> Connection established with nodeG
> Connection established with nodeH
> Sending vote to A
> VN = 1
RU = 8
DS = H
> Sending vote to F
> VN = 2
RU = 8
DS = H
> Disconnecting...
Disonnecting from E
Disonnecting from F
Disonnecting from G
Disonnecting from H
> Sending vote to A
> VN = 2
RU = 8
DS = H
> Sending vote to C
> VN = 2
RU = 8
DS = H
> Sending out requests for votes
> Received valid vote from C
Received valid vote from D
Write failed.
VN = 2
RU = 8
DS = H

Initiated connection successfully to dc25.utdallas.edu at port 5050
> 
Initiated connection successfully to dc36.utdallas.edu at port 5050
> 
Initiated connection successfully to dc27.utdallas.edu at port 5050
> > My neighbors are: 
C at dc23.utdallas.edu
D at dc24.utdallas.edu
E at dc25.utdallas.edu
F at dc36.utdallas.edu
G at dc27.utdallas.edu
> Sending vote to G
> VN = 7
RU = 6
DS = G
> Sending out requests for votes
> Received valid vote from G
Received valid vote from D
Received valid vote from E
Received valid vote from F
Received valid vote from C
Received majority votes. Updating X...
Write success
VN = 8
RU = 6
DS = G

Closing socket at port 5050
